// Jest Snapshot v1, https://goo.gl/fbAQLP

exports[`LoaderComponent should render 1`] = `<div />`;
