// Jest Snapshot v1, https://goo.gl/fbAQLP

exports[`LoginComponent should render 1`] = `
<div>
  <div
    class="login-container"
  >
    <div
      class="logo-container"
    >
      <div
        class="logo"
      />
      <div
        class="MuiTypography-root MuiTypography-h6 css-1juivf6-MuiTypography-root"
      >
        Media Assets Management
      </div>
      <div
        class="seperator mt-2"
      />
    </div>
    <div>
      <div
        class="MuiFormControl-root MuiFormControl-fullWidth MuiTextField-root input-field mt-4 css-wb57ya-MuiFormControl-root-MuiTextField-root"
      >
        <div
          class="MuiInputBase-root MuiOutlinedInput-root MuiInputBase-colorPrimary MuiInputBase-fullWidth MuiInputBase-formControl MuiInputBase-sizeSmall css-md26zr-MuiInputBase-root-MuiOutlinedInput-root"
        >
          <input
            aria-invalid="false"
            class="MuiInputBase-input MuiOutlinedInput-input MuiInputBase-inputSizeSmall css-1n4twyu-MuiInputBase-input-MuiOutlinedInput-input"
            id=":r0:"
            name="email"
            placeholder="Email"
            type="text"
            value=""
          />
          <fieldset
            aria-hidden="true"
            class="MuiOutlinedInput-notchedOutline css-1d3z3hw-MuiOutlinedInput-notchedOutline"
          >
            <legend
              class="css-ihdtdm"
            >
              <span
                class="notranslate"
              >
                ​
              </span>
            </legend>
          </fieldset>
        </div>
      </div>
      <div
        class="MuiFormControl-root MuiFormControl-fullWidth MuiTextField-root input-field mt-3 css-wb57ya-MuiFormControl-root-MuiTextField-root"
      >
        <div
          class="MuiInputBase-root MuiOutlinedInput-root MuiInputBase-colorPrimary MuiInputBase-fullWidth MuiInputBase-formControl MuiInputBase-sizeSmall css-md26zr-MuiInputBase-root-MuiOutlinedInput-root"
        >
          <input
            aria-invalid="false"
            class="MuiInputBase-input MuiOutlinedInput-input MuiInputBase-inputSizeSmall css-1n4twyu-MuiInputBase-input-MuiOutlinedInput-input"
            id=":r1:"
            name="password"
            placeholder="Password"
            type="password"
            value=""
          />
          <fieldset
            aria-hidden="true"
            class="MuiOutlinedInput-notchedOutline css-1d3z3hw-MuiOutlinedInput-notchedOutline"
          >
            <legend
              class="css-ihdtdm"
            >
              <span
                class="notranslate"
              >
                ​
              </span>
            </legend>
          </fieldset>
        </div>
      </div>
    </div>
    <div>
      <button
        class="MuiButtonBase-root MuiButton-root MuiButton-contained MuiButton-containedPrimary MuiButton-sizeMedium MuiButton-containedSizeMedium MuiButton-colorPrimary MuiButton-fullWidth Mui-disabled MuiButton-root MuiButton-contained MuiButton-containedPrimary MuiButton-sizeMedium MuiButton-containedSizeMedium MuiButton-colorPrimary MuiButton-fullWidth mt-3 css-1fu7jd5-MuiButtonBase-root-MuiButton-root"
        disabled=""
        tabindex="-1"
        type="button"
      >
        Login
      </button>
    </div>
  </div>
</div>
`;
