// Jest Snapshot v1, https://goo.gl/fbAQLP

exports[`LogoComponent should render 1`] = `
<div>
  <span
    class="logo"
  />
</div>
`;
