// Jest Snapshot v1, https://goo.gl/fbAQLP

exports[`ModalComponent should render 1`] = `
<div
  aria-hidden="true"
/>
`;
